
Memory Configuration

Name             Origin             Length             Attributes
FLASH            0x08000000         0x00020000         xr
SRAM             0x20000000         0x00005000         xrw
*default*        0x00000000         0xffffffff

Linker script and memory map


.text           0x08000000      0x12b
 *(.vectors*)
 .vectors       0x08000000       0x1c startup.o
                0x08000000                vectors
 *(.text*)
 .text          0x0800001c       0x7c main.o
                0x0800001c                main
 .text          0x08000098       0x90 startup.o
                0x08000098                Bus_Fault_Handler
                0x08000098                H_Fault_Handler
                0x08000098                MM_Fault_Handler
                0x08000098                Usage_Fault_Handler
                0x08000098                Default_Handler
                0x08000098                NMI_Handler
                0x080000a4                Reset_Handler
 *(.rodata)
 .rodata        0x08000128        0x3 main.o
                0x08000128                const_g_var
                0x0800012b                _E_TEXT = .

.glue_7         0x0800012c        0x0
 .glue_7        0x0800012c        0x0 linker stubs

.glue_7t        0x0800012c        0x0
 .glue_7t       0x0800012c        0x0 linker stubs

.vfp11_veneer   0x0800012c        0x0
 .vfp11_veneer  0x0800012c        0x0 linker stubs

.v4_bx          0x0800012c        0x0
 .v4_bx         0x0800012c        0x0 linker stubs

.iplt           0x0800012c        0x0
 .iplt          0x0800012c        0x0 main.o

.rel.dyn        0x0800012c        0x0
 .rel.iplt      0x0800012c        0x0 main.o

.data           0x20000000        0x7 load address 0x0800012b
                0x20000000                _S_DATA = .
 *(.data)
 .data          0x20000000        0x7 main.o
                0x20000000                R_ODR
                0x20000004                g_var
 .data          0x20000007        0x0 startup.o
                0x20000007                _E_DATA = .

.igot.plt       0x20000008        0x0 load address 0x08000132
 .igot.plt      0x20000008        0x0 main.o

.bss            0x20000007     0x1001 load address 0x08000132
                0x20000007                _S_BSS = .
 *(.bss*)
 .bss           0x20000007        0x0 main.o
 .bss           0x20000007        0x0 startup.o
                0x20000007                _E_BSS = .
                0x20000008                . = ALIGN (0x4)
 *fill*         0x20000007        0x1 
                0x20001008                . = (. + 0x1000)
 *fill*         0x20000008     0x1000 
                0x20001008                _STACK_TOP = .
LOAD main.o
LOAD startup.o
OUTPUT(Lab2_cortex_m3.elf elf32-littlearm)
LOAD linker stubs

.debug_info     0x00000000      0x366
 .debug_info    0x00000000      0x1ac main.o
 .debug_info    0x000001ac      0x1ba startup.o

.debug_abbrev   0x00000000      0x1f5
 .debug_abbrev  0x00000000      0x10f main.o
 .debug_abbrev  0x0000010f       0xe6 startup.o

.debug_loc      0x00000000       0xb4
 .debug_loc     0x00000000       0x38 main.o
 .debug_loc     0x00000038       0x7c startup.o

.debug_aranges  0x00000000       0x40
 .debug_aranges
                0x00000000       0x20 main.o
 .debug_aranges
                0x00000020       0x20 startup.o

.debug_line     0x00000000      0x2d3
 .debug_line    0x00000000      0x149 main.o
 .debug_line    0x00000149      0x18a startup.o

.debug_str      0x00000000      0x1a5
 .debug_str     0x00000000      0x11a main.o
                                0x15c (size before relaxing)
 .debug_str     0x0000011a       0x8b startup.o
                                0x1b1 (size before relaxing)

.comment        0x00000000       0x49
 .comment       0x00000000       0x49 main.o
                                 0x4a (size before relaxing)
 .comment       0x00000049       0x4a startup.o

.ARM.attributes
                0x00000000       0x2d
 .ARM.attributes
                0x00000000       0x2d main.o
 .ARM.attributes
                0x0000002d       0x2d startup.o

.debug_frame    0x00000000       0x7c
 .debug_frame   0x00000000       0x2c main.o
 .debug_frame   0x0000002c       0x50 startup.o
