
Memory Configuration

Name             Origin             Length             Attributes
Mem              0x00000000         0x04000000         xrw
*default*        0x00000000         0xffffffff

Linker script and memory map

                0x00010000                . = 0x10000

.startup        0x00010000       0x10
 startup.o(.text)
 .text          0x00010000       0x10 startup.o
                0x00010000                reset

.text           0x00010010       0xdc
 *(.text)
 .text          0x00010010       0x20 app.o
                0x00010010                main
 .text          0x00010030       0x58 uart.o
                0x00010030                Uart_Send_String
 *(.rodata)
 .rodata        0x00010088       0x64 app.o
                0x00010088                str2_buffer

.glue_7         0x000100ec        0x0
 .glue_7        0x000100ec        0x0 linker stubs

.glue_7t        0x000100ec        0x0
 .glue_7t       0x000100ec        0x0 linker stubs

.vfp11_veneer   0x000100ec        0x0
 .vfp11_veneer  0x000100ec        0x0 linker stubs

.v4_bx          0x000100ec        0x0
 .v4_bx         0x000100ec        0x0 linker stubs

.iplt           0x000100ec        0x0
 .iplt          0x000100ec        0x0 startup.o

.rel.dyn        0x000100ec        0x0
 .rel.iplt      0x000100ec        0x0 startup.o

.data           0x000100ec       0x64
 *(.data)
 .data          0x000100ec        0x0 startup.o
 .data          0x000100ec       0x64 app.o
                0x000100ec                str_buffer
 .data          0x00010150        0x0 uart.o

.igot.plt       0x00010150        0x0
 .igot.plt      0x00010150        0x0 startup.o

.bss            0x00010150        0x0
 *(.bss)
 .bss           0x00010150        0x0 startup.o
 .bss           0x00010150        0x0 app.o
 .bss           0x00010150        0x0 uart.o
 *(COMMON)
                0x00011150                . = (. + 0x1000)
                0x00011150                stack_top = .
LOAD app.o
LOAD uart.o
LOAD startup.o
OUTPUT(output.elf elf32-littlearm)
LOAD linker stubs

.ARM.attributes
                0x00000000       0x2e
 .ARM.attributes
                0x00000000       0x22 startup.o
 .ARM.attributes
                0x00000022       0x2c app.o
 .ARM.attributes
                0x0000004e       0x2c uart.o

.comment        0x00000000       0x49
 .comment       0x00000000       0x49 app.o
                                 0x4a (size before relaxing)
 .comment       0x00000049       0x4a uart.o

.debug_line     0x00000000       0xc3
 .debug_line    0x00000000       0x3a startup.o
 .debug_line    0x0000003a       0x3b app.o
 .debug_line    0x00000075       0x4e uart.o

.debug_info     0x00000000      0x15d
 .debug_info    0x00000000       0x26 startup.o
 .debug_info    0x00000026       0xde app.o
 .debug_info    0x00000104       0x59 uart.o

.debug_abbrev   0x00000000       0xd9
 .debug_abbrev  0x00000000       0x14 startup.o
 .debug_abbrev  0x00000014       0x70 app.o
 .debug_abbrev  0x00000084       0x55 uart.o

.debug_aranges  0x00000000       0x60
 .debug_aranges
                0x00000000       0x20 startup.o
 .debug_aranges
                0x00000020       0x20 app.o
 .debug_aranges
                0x00000040       0x20 uart.o

.debug_str      0x00000000      0x13a
 .debug_str     0x00000000       0x3b startup.o
 .debug_str     0x0000003b       0xdb app.o
                                0x137 (size before relaxing)
 .debug_str     0x00000116       0x24 uart.o
                                 0xb2 (size before relaxing)

.debug_frame    0x00000000       0x5c
 .debug_frame   0x00000000       0x2c app.o
 .debug_frame   0x0000002c       0x30 uart.o
